   52
MASTER         0.00000  0.00000  0.04347  0.08404  0.26776  0.23143  0.22248  0.26567  0.33996  0.26316  0.26567  0.34757  0.35751  0.34186  0.40905  0.35895  0.34757  0.31898  0.34525  0.34101  0.46614  0.50751  0.51518  0.51518  0.54172  0.69219  0.70405  0.63179  0.50578  0.50517  0.51631  0.60417  0.58135  0.61184  0.60595  0.60595  0.61184  0.50890  0.54595  0.50890  0.60595  0.58135  0.60595  0.58135  0.69730  0.67527  0.67527  0.67527  0.84038  0.65392  0.78076  0.72105
