   50
MASTER         0.00000 15.13061 20.28600 20.28600 -1.00000 -1.00000 -1.00000 19.97746 -1.00000 33.39279 12.55011 26.48376 -1.00000 -1.00000 -1.00000 30.10463 78.99357 73.18011 29.43742 18.60698 35.59461 30.21520 18.56706 38.42122 35.97717 59.76880 59.76880 61.70419 51.61048 -1.00000 88.59048 -1.00000 -1.00000 -1.00000 -1.00000 22.90606 -1.00000 -1.00000 -1.00000 -1.00000 -1.00000 -1.00000 -1.00000 35.46407 89.04275 52.25389 52.57530 51.62028 17.97505 32.46268
